{
    "Test outrider with simulated data": {
        "content": [
            [
                [
                    {
                        "id": "test"
                    },
                    "test_outrider_result_signif.tsv:md5,4b21684000832ec1194c3b401206397a"
                ]
            ]
        ],
        "meta": {
            "nf-test": "0.9.2",
            "nextflow": "25.04.6"
        },
        "timestamp": "2025-08-20T11:07:25.918198"
    }
}